// Jest Snapshot v1, https://goo.gl/fbAQLP

exports[`Article Component should match the snapshot 1`] = `ShallowWrapper {}`;
