// Jest Snapshot v1, https://goo.gl/fbAQLP

exports[`create article page should match the snapshot 1`] = `ShallowWrapper {}`;
