// Jest Snapshot v1, https://goo.gl/fbAQLP

exports[`Component: ViewArticleRating MyComponent renders with default props 1`] = `ShallowWrapper {}`;
