// Jest Snapshot v1, https://goo.gl/fbAQLP

exports[`<AuthorProfile /> renders without fail 1`] = `ShallowWrapper {}`;
