// Jest Snapshot v1, https://goo.gl/fbAQLP

exports[`<UpadteProfile /> renders without fail 1`] = `ShallowWrapper {}`;
