// Jest Snapshot v1, https://goo.gl/fbAQLP

exports[`<ViewProfile /> renders without fail 1`] = `ShallowWrapper {}`;
