// Jest Snapshot v1, https://goo.gl/fbAQLP

exports[`loginContainer Component matches snapshot 1`] = `
<Login
  handleSubmit={[Function]}
  isLoading={false}
  onInputChange={[Function]}
/>
`;
